[0.012s][info][gc] Using Parallel
[0.253s][info][gc] GC(0) Pause Young (Allocation Failure) 3M->1M(11M) 4.115ms
[0.532s][info][gc] GC(1) Pause Young (Allocation Failure) 4M->1M(11M) 2.883ms
[0.733s][info][gc] GC(2) Pause Young (Allocation Failure) 4M->2M(11M) 3.188ms
[4.277s][info][gc] GC(3) Pause Young (Allocation Failure) 5M->4M(11M) 4.671ms
[4.299s][info][gc] GC(4) Pause Young (Allocation Failure) 7M->7M(11M) 5.340ms
[4.321s][info][gc] GC(5) Pause Full (Ergonomics) 7M->7M(10M) 21.629ms
[4.350s][info][gc] GC(6) Pause Full (Ergonomics) 9M->9M(11M) 24.549ms
[4.376s][info][gc] GC(7) Pause Full (Ergonomics) 9M->9M(10M) 23.431ms
[4.389s][info][gc] GC(8) Pause Full (Ergonomics) 9M->9M(11M) 12.833ms
[4.405s][info][gc] GC(9) Pause Full (Ergonomics) 9M->9M(10M) 15.088ms
[4.418s][info][gc] GC(10) Pause Full (Ergonomics) 9M->9M(11M) 12.670ms
[4.432s][info][gc] GC(11) Pause Full (Ergonomics) 9M->9M(10M) 13.809ms
[4.446s][info][gc] GC(12) Pause Full (Ergonomics) 9M->9M(11M) 13.798ms
[4.461s][info][gc] GC(13) Pause Full (Ergonomics) 9M->9M(10M) 14.080ms
[4.475s][info][gc] GC(14) Pause Full (Ergonomics) 9M->9M(11M) 13.694ms
[4.488s][info][gc] GC(15) Pause Full (Ergonomics) 9M->9M(10M) 13.176ms
[4.502s][info][gc] GC(16) Pause Full (Ergonomics) 9M->9M(11M) 13.708ms
[4.516s][info][gc] GC(17) Pause Full (Ergonomics) 9M->9M(10M) 13.231ms
[4.529s][info][gc] GC(18) Pause Full (Ergonomics) 9M->9M(11M) 12.931ms
[4.542s][info][gc] GC(19) Pause Full (Ergonomics) 9M->9M(10M) 12.965ms
[4.555s][info][gc] GC(20) Pause Full (Ergonomics) 9M->9M(11M) 12.758ms
[4.568s][info][gc] GC(21) Pause Full (Ergonomics) 9M->9M(10M) 13.295ms
[4.582s][info][gc] GC(22) Pause Full (Ergonomics) 9M->9M(11M) 13.349ms
[4.598s][info][gc] GC(23) Pause Full (Ergonomics) 9M->9M(10M) 15.407ms
[4.611s][info][gc] GC(24) Pause Full (Ergonomics) 9M->9M(11M) 13.610ms
[4.625s][info][gc] GC(25) Pause Full (Ergonomics) 9M->9M(10M) 13.906ms
[4.640s][info][gc] GC(26) Pause Full (Ergonomics) 9M->9M(11M) 14.171ms
[4.653s][info][gc] GC(27) Pause Full (Ergonomics) 9M->9M(10M) 13.042ms
[4.666s][info][gc] GC(28) Pause Full (Ergonomics) 9M->9M(11M) 12.717ms
[4.679s][info][gc] GC(29) Pause Full (Ergonomics) 9M->9M(10M) 12.823ms
[4.692s][info][gc] GC(30) Pause Full (Ergonomics) 9M->9M(11M) 13.079ms
[4.705s][info][gc] GC(31) Pause Full (Ergonomics) 9M->9M(10M) 13.023ms
[4.719s][info][gc] GC(32) Pause Full (Ergonomics) 9M->9M(11M) 13.172ms
[4.732s][info][gc] GC(33) Pause Full (Ergonomics) 9M->9M(10M) 13.145ms
[4.746s][info][gc] GC(34) Pause Full (Ergonomics) 9M->9M(11M) 13.413ms
[4.759s][info][gc] GC(35) Pause Full (Ergonomics) 9M->9M(10M) 13.608ms
[4.773s][info][gc] GC(36) Pause Full (Ergonomics) 9M->9M(11M) 13.211ms
[4.786s][info][gc] GC(37) Pause Full (Ergonomics) 9M->9M(10M) 13.029ms
[4.800s][info][gc] GC(38) Pause Full (Ergonomics) 9M->9M(11M) 13.385ms
[4.813s][info][gc] GC(39) Pause Full (Ergonomics) 9M->9M(10M) 13.786ms
[4.827s][info][gc] GC(40) Pause Full (Ergonomics) 9M->9M(11M) 12.971ms
[4.841s][info][gc] GC(41) Pause Full (Ergonomics) 9M->9M(10M) 13.726ms
[4.854s][info][gc] GC(42) Pause Full (Ergonomics) 9M->9M(11M) 13.161ms
[4.867s][info][gc] GC(43) Pause Full (Ergonomics) 9M->9M(10M) 13.119ms
[4.881s][info][gc] GC(44) Pause Full (Ergonomics) 9M->9M(11M) 13.213ms
[4.894s][info][gc] GC(45) Pause Full (Ergonomics) 9M->9M(10M) 12.889ms
[4.909s][info][gc] GC(46) Pause Full (Ergonomics) 9M->9M(11M) 15.018ms
[4.923s][info][gc] GC(47) Pause Full (Ergonomics) 9M->9M(10M) 14.205ms
[4.936s][info][gc] GC(48) Pause Full (Ergonomics) 9M->9M(11M) 12.732ms
[4.949s][info][gc] GC(49) Pause Full (Ergonomics) 9M->9M(10M) 13.046ms
[4.963s][info][gc] GC(50) Pause Full (Ergonomics) 9M->9M(11M) 13.294ms
[4.976s][info][gc] GC(51) Pause Full (Ergonomics) 9M->9M(10M) 13.134ms
[4.990s][info][gc] GC(52) Pause Full (Ergonomics) 9M->9M(11M) 13.984ms
[5.003s][info][gc] GC(53) Pause Full (Ergonomics) 9M->9M(10M) 12.907ms
[5.017s][info][gc] GC(54) Pause Full (Ergonomics) 9M->9M(11M) 13.190ms
[5.030s][info][gc] GC(55) Pause Full (Ergonomics) 9M->9M(10M) 13.052ms
[5.043s][info][gc] GC(56) Pause Full (Ergonomics) 9M->9M(11M) 13.156ms
[5.057s][info][gc] GC(57) Pause Full (Ergonomics) 9M->9M(10M) 13.702ms
[5.070s][info][gc] GC(58) Pause Full (Ergonomics) 9M->9M(11M) 13.117ms
[5.084s][info][gc] GC(59) Pause Full (Ergonomics) 9M->9M(10M) 13.275ms
[5.100s][info][gc] GC(60) Pause Full (Ergonomics) 9M->9M(11M) 15.575ms
[5.113s][info][gc] GC(61) Pause Full (Ergonomics) 9M->9M(10M) 13.743ms
[5.127s][info][gc] GC(62) Pause Full (Ergonomics) 9M->9M(11M) 13.106ms
[5.140s][info][gc] GC(63) Pause Full (Ergonomics) 9M->9M(10M) 12.816ms
[5.153s][info][gc] GC(64) Pause Full (Ergonomics) 9M->9M(11M) 13.464ms
[5.167s][info][gc] GC(65) Pause Full (Ergonomics) 9M->9M(10M) 13.736ms
[5.181s][info][gc] GC(66) Pause Full (Ergonomics) 9M->9M(11M) 13.380ms
[5.194s][info][gc] GC(67) Pause Full (Ergonomics) 9M->9M(10M) 12.975ms
[5.207s][info][gc] GC(68) Pause Full (Ergonomics) 9M->9M(11M) 13.164ms
[5.225s][info][gc] GC(69) Pause Full (Ergonomics) 9M->9M(10M) 17.022ms
[5.238s][info][gc] GC(70) Pause Full (Ergonomics) 9M->9M(11M) 13.750ms
[5.252s][info][gc] GC(71) Pause Full (Ergonomics) 9M->9M(10M) 13.202ms
[5.266s][info][gc] GC(72) Pause Full (Ergonomics) 9M->9M(11M) 14.098ms
[5.279s][info][gc] GC(73) Pause Full (Ergonomics) 9M->9M(10M) 13.095ms
[5.293s][info][gc] GC(74) Pause Full (Ergonomics) 9M->9M(11M) 13.735ms
[5.307s][info][gc] GC(75) Pause Full (Ergonomics) 9M->9M(10M) 13.417ms
[5.321s][info][gc] GC(76) Pause Full (Ergonomics) 9M->9M(11M) 13.902ms
[5.334s][info][gc] GC(77) Pause Full (Ergonomics) 9M->9M(10M) 13.322ms
[5.348s][info][gc] GC(78) Pause Full (Ergonomics) 9M->9M(11M) 13.497ms
[5.362s][info][gc] GC(79) Pause Full (Ergonomics) 9M->9M(10M) 13.613ms
[5.375s][info][gc] GC(80) Pause Full (Ergonomics) 9M->9M(11M) 13.139ms
[5.388s][info][gc] GC(81) Pause Full (Ergonomics) 9M->9M(10M) 12.770ms
[5.402s][info][gc] GC(82) Pause Full (Ergonomics) 9M->9M(11M) 13.404ms
[5.415s][info][gc] GC(83) Pause Full (Ergonomics) 9M->9M(10M) 12.993ms
[5.428s][info][gc] GC(84) Pause Full (Ergonomics) 9M->9M(11M) 13.098ms
[5.441s][info][gc] GC(85) Pause Full (Ergonomics) 9M->9M(10M) 13.059ms
[5.455s][info][gc] GC(86) Pause Full (Ergonomics) 9M->9M(11M) 13.834ms
[5.469s][info][gc] GC(87) Pause Full (Ergonomics) 9M->9M(10M) 13.759ms
[5.483s][info][gc] GC(88) Pause Full (Ergonomics) 9M->9M(11M) 13.189ms
[5.497s][info][gc] GC(89) Pause Full (Ergonomics) 9M->9M(10M) 13.831ms
[5.510s][info][gc] GC(90) Pause Full (Ergonomics) 9M->9M(11M) 13.331ms
[5.523s][info][gc] GC(91) Pause Full (Ergonomics) 9M->9M(10M) 13.055ms
[5.538s][info][gc] GC(92) Pause Full (Ergonomics) 9M->9M(11M) 14.128ms
[5.551s][info][gc] GC(93) Pause Full (Ergonomics) 9M->9M(10M) 13.048ms
[5.564s][info][gc] GC(94) Pause Full (Ergonomics) 9M->9M(11M) 13.173ms
[5.578s][info][gc] GC(95) Pause Full (Ergonomics) 9M->9M(10M) 13.508ms
[5.591s][info][gc] GC(96) Pause Full (Ergonomics) 9M->9M(11M) 13.075ms
[5.605s][info][gc] GC(97) Pause Full (Ergonomics) 9M->9M(10M) 13.633ms
[5.618s][info][gc] GC(98) Pause Full (Ergonomics) 9M->9M(11M) 12.996ms
[5.631s][info][gc] GC(99) Pause Full (Ergonomics) 9M->9M(10M) 13.109ms
[5.645s][info][gc] GC(100) Pause Full (Ergonomics) 9M->9M(11M) 13.074ms
[5.658s][info][gc] GC(101) Pause Full (Ergonomics) 9M->9M(10M) 13.402ms
[5.672s][info][gc] GC(102) Pause Full (Ergonomics) 9M->9M(11M) 13.508ms
[5.685s][info][gc] GC(103) Pause Full (Ergonomics) 9M->9M(10M) 13.312ms
[5.699s][info][gc] GC(104) Pause Full (Ergonomics) 9M->9M(11M) 13.589ms
[5.713s][info][gc] GC(105) Pause Full (Ergonomics) 9M->9M(10M) 13.257ms
[5.726s][info][gc] GC(106) Pause Full (Ergonomics) 9M->9M(11M) 13.201ms
[5.740s][info][gc] GC(107) Pause Full (Ergonomics) 9M->9M(10M) 13.456ms
[5.753s][info][gc] GC(108) Pause Full (Ergonomics) 9M->9M(11M) 13.245ms
[5.767s][info][gc] GC(109) Pause Full (Ergonomics) 9M->9M(10M) 14.234ms
[5.782s][info][gc] GC(110) Pause Full (Ergonomics) 9M->9M(11M) 13.957ms
[5.795s][info][gc] GC(111) Pause Full (Ergonomics) 9M->9M(10M) 13.110ms
[5.809s][info][gc] GC(112) Pause Full (Ergonomics) 9M->9M(11M) 13.815ms
[5.823s][info][gc] GC(113) Pause Full (Ergonomics) 9M->9M(10M) 13.938ms
[5.838s][info][gc] GC(114) Pause Full (Ergonomics) 9M->9M(11M) 14.608ms
[5.851s][info][gc] GC(115) Pause Full (Ergonomics) 9M->9M(10M) 13.214ms
[5.864s][info][gc] GC(116) Pause Full (Ergonomics) 9M->9M(11M) 13.230ms
[5.878s][info][gc] GC(117) Pause Full (Ergonomics) 9M->9M(10M) 12.846ms
[5.893s][info][gc] GC(118) Pause Full (Ergonomics) 9M->9M(11M) 15.212ms
[5.908s][info][gc] GC(119) Pause Full (Ergonomics) 9M->9M(10M) 14.932ms
[5.923s][info][gc] GC(120) Pause Full (Ergonomics) 9M->9M(11M) 15.193ms
[5.937s][info][gc] GC(121) Pause Full (Ergonomics) 9M->9M(10M) 13.390ms
[5.950s][info][gc] GC(122) Pause Full (Ergonomics) 9M->9M(11M) 13.142ms
[5.964s][info][gc] GC(123) Pause Full (Ergonomics) 9M->9M(10M) 13.763ms
[5.978s][info][gc] GC(124) Pause Full (Ergonomics) 9M->9M(11M) 13.469ms
[5.991s][info][gc] GC(125) Pause Full (Ergonomics) 9M->9M(10M) 13.126ms
[6.005s][info][gc] GC(126) Pause Full (Ergonomics) 9M->9M(11M) 13.424ms
[6.018s][info][gc] GC(127) Pause Full (Ergonomics) 9M->9M(10M) 13.252ms
[6.031s][info][gc] GC(128) Pause Full (Ergonomics) 9M->9M(11M) 13.066ms
[6.046s][info][gc] GC(129) Pause Full (Ergonomics) 9M->9M(10M) 13.976ms
[6.060s][info][gc] GC(130) Pause Full (Ergonomics) 9M->9M(11M) 13.743ms
[6.073s][info][gc] GC(131) Pause Full (Ergonomics) 9M->9M(10M) 13.528ms
[6.087s][info][gc] GC(132) Pause Full (Ergonomics) 9M->9M(11M) 13.178ms
[6.100s][info][gc] GC(133) Pause Full (Ergonomics) 9M->9M(10M) 13.155ms
[6.113s][info][gc] GC(134) Pause Full (Ergonomics) 9M->9M(11M) 13.376ms
[6.129s][info][gc] GC(135) Pause Full (Ergonomics) 9M->9M(10M) 15.074ms
[6.142s][info][gc] GC(136) Pause Full (Ergonomics) 9M->9M(11M) 13.346ms
[6.156s][info][gc] GC(137) Pause Full (Ergonomics) 9M->9M(10M) 13.501ms
[6.169s][info][gc] GC(138) Pause Full (Ergonomics) 9M->9M(11M) 13.428ms
[6.184s][info][gc] GC(139) Pause Full (Ergonomics) 9M->9M(10M) 14.293ms
[6.198s][info][gc] GC(140) Pause Full (Ergonomics) 9M->9M(11M) 13.456ms
[6.213s][info][gc] GC(141) Pause Full (Ergonomics) 9M->9M(10M) 15.128ms
[6.227s][info][gc] GC(142) Pause Full (Ergonomics) 9M->9M(11M) 13.513ms
[6.240s][info][gc] GC(143) Pause Full (Ergonomics) 9M->9M(10M) 13.130ms
[6.253s][info][gc] GC(144) Pause Full (Ergonomics) 9M->9M(11M) 12.965ms
[6.268s][info][gc] GC(145) Pause Full (Ergonomics) 9M->9M(10M) 14.563ms
[6.281s][info][gc] GC(146) Pause Full (Ergonomics) 9M->9M(11M) 13.362ms
[6.295s][info][gc] GC(147) Pause Full (Ergonomics) 9M->9M(10M) 13.797ms
[6.310s][info][gc] GC(148) Pause Full (Ergonomics) 9M->9M(11M) 14.211ms
[6.323s][info][gc] GC(149) Pause Full (Ergonomics) 9M->9M(10M) 13.362ms
[6.338s][info][gc] GC(150) Pause Full (Ergonomics) 9M->9M(11M) 14.681ms
[6.352s][info][gc] GC(151) Pause Full (Ergonomics) 9M->9M(10M) 13.695ms
[6.365s][info][gc] GC(152) Pause Full (Ergonomics) 9M->9M(11M) 13.134ms
[6.379s][info][gc] GC(153) Pause Full (Ergonomics) 9M->9M(10M) 13.235ms
[6.392s][info][gc] GC(154) Pause Full (Ergonomics) 9M->9M(11M) 13.304ms
[6.406s][info][gc] GC(155) Pause Full (Ergonomics) 9M->9M(10M) 13.443ms
[6.420s][info][gc] GC(156) Pause Full (Ergonomics) 9M->9M(11M) 13.429ms
[6.434s][info][gc] GC(157) Pause Full (Ergonomics) 9M->9M(10M) 14.227ms
[6.448s][info][gc] GC(158) Pause Full (Ergonomics) 9M->9M(11M) 13.686ms
[6.462s][info][gc] GC(159) Pause Full (Ergonomics) 9M->9M(10M) 14.269ms
[6.476s][info][gc] GC(160) Pause Full (Ergonomics) 9M->9M(11M) 13.485ms
[6.491s][info][gc] GC(161) Pause Full (Ergonomics) 9M->9M(10M) 14.522ms
[6.507s][info][gc] GC(162) Pause Full (Ergonomics) 9M->9M(11M) 16.277ms
[6.523s][info][gc] GC(163) Pause Full (Ergonomics) 9M->9M(10M) 15.594ms
[6.541s][info][gc] GC(164) Pause Full (Ergonomics) 9M->9M(11M) 18.093ms
[6.558s][info][gc] GC(165) Pause Full (Ergonomics) 9M->9M(10M) 16.930ms
[6.573s][info][gc] GC(166) Pause Full (Ergonomics) 9M->9M(11M) 13.975ms
[6.587s][info][gc] GC(167) Pause Full (Ergonomics) 9M->9M(10M) 14.508ms
[6.601s][info][gc] GC(168) Pause Full (Ergonomics) 9M->9M(11M) 13.701ms
[6.615s][info][gc] GC(169) Pause Full (Ergonomics) 9M->9M(10M) 13.641ms
[6.628s][info][gc] GC(170) Pause Full (Ergonomics) 9M->9M(11M) 13.283ms
[6.642s][info][gc] GC(171) Pause Full (Ergonomics) 9M->9M(10M) 13.517ms
[6.656s][info][gc] GC(172) Pause Full (Ergonomics) 9M->9M(11M) 13.544ms
[6.669s][info][gc] GC(173) Pause Full (Ergonomics) 9M->9M(10M) 13.260ms
[6.683s][info][gc] GC(174) Pause Full (Ergonomics) 9M->9M(11M) 13.707ms
[6.698s][info][gc] GC(175) Pause Full (Ergonomics) 9M->9M(10M) 14.701ms
[6.712s][info][gc] GC(176) Pause Full (Ergonomics) 9M->9M(11M) 13.946ms
[6.726s][info][gc] GC(177) Pause Full (Ergonomics) 9M->9M(10M) 13.602ms
[6.740s][info][gc] GC(178) Pause Full (Ergonomics) 9M->9M(11M) 13.791ms
[6.753s][info][gc] GC(179) Pause Full (Ergonomics) 9M->9M(10M) 13.447ms
[6.767s][info][gc] GC(180) Pause Full (Ergonomics) 9M->9M(11M) 13.607ms
[6.785s][info][gc] GC(181) Pause Full (Ergonomics) 9M->9M(10M) 17.926ms
[6.799s][info][gc] GC(182) Pause Full (Ergonomics) 9M->9M(11M) 13.828ms
[6.813s][info][gc] GC(183) Pause Full (Ergonomics) 9M->9M(10M) 13.571ms
[6.827s][info][gc] GC(184) Pause Full (Ergonomics) 9M->9M(11M) 13.777ms
[6.841s][info][gc] GC(185) Pause Full (Ergonomics) 9M->9M(10M) 13.366ms
[6.854s][info][gc] GC(186) Pause Full (Ergonomics) 9M->9M(11M) 13.474ms
[6.869s][info][gc] GC(187) Pause Full (Ergonomics) 9M->9M(10M) 14.014ms
[6.883s][info][gc] GC(188) Pause Full (Ergonomics) 9M->9M(11M) 13.817ms
[6.897s][info][gc] GC(189) Pause Full (Ergonomics) 9M->9M(10M) 14.163ms
[6.913s][info][gc] GC(190) Pause Full (Ergonomics) 9M->9M(11M) 16.274ms
[6.928s][info][gc] GC(191) Pause Full (Ergonomics) 9M->9M(10M) 14.701ms
[6.942s][info][gc] GC(192) Pause Full (Ergonomics) 9M->9M(11M) 13.363ms
[6.956s][info][gc] GC(193) Pause Full (Ergonomics) 9M->9M(10M) 13.947ms
[6.970s][info][gc] GC(194) Pause Full (Ergonomics) 9M->9M(11M) 13.391ms
[6.984s][info][gc] GC(195) Pause Full (Ergonomics) 9M->9M(10M) 13.750ms
[6.997s][info][gc] GC(196) Pause Full (Ergonomics) 9M->9M(11M) 13.311ms
[7.011s][info][gc] GC(197) Pause Full (Ergonomics) 9M->9M(10M) 13.630ms
[7.025s][info][gc] GC(198) Pause Full (Ergonomics) 9M->9M(11M) 14.341ms
[7.039s][info][gc] GC(199) Pause Full (Ergonomics) 9M->9M(10M) 13.679ms
[7.053s][info][gc] GC(200) Pause Full (Ergonomics) 9M->9M(11M) 13.849ms
[7.067s][info][gc] GC(201) Pause Full (Ergonomics) 9M->9M(10M) 13.559ms
[7.082s][info][gc] GC(202) Pause Full (Ergonomics) 9M->9M(11M) 14.375ms
[7.096s][info][gc] GC(203) Pause Full (Ergonomics) 9M->9M(10M) 13.834ms
[7.110s][info][gc] GC(204) Pause Full (Ergonomics) 9M->9M(11M) 13.895ms
[7.124s][info][gc] GC(205) Pause Full (Ergonomics) 9M->9M(10M) 13.732ms
[7.138s][info][gc] GC(206) Pause Full (Ergonomics) 9M->9M(11M) 13.784ms
[7.152s][info][gc] GC(207) Pause Full (Ergonomics) 9M->9M(10M) 14.167ms
[7.166s][info][gc] GC(208) Pause Full (Ergonomics) 9M->9M(11M) 13.486ms
[7.179s][info][gc] GC(209) Pause Full (Ergonomics) 9M->9M(10M) 13.489ms
[7.193s][info][gc] GC(210) Pause Full (Ergonomics) 9M->9M(11M) 14.028ms
[7.207s][info][gc] GC(211) Pause Full (Ergonomics) 9M->9M(10M) 13.490ms
[7.221s][info][gc] GC(212) Pause Full (Ergonomics) 9M->9M(11M) 13.408ms
[7.235s][info][gc] GC(213) Pause Full (Ergonomics) 9M->9M(10M) 14.418ms
[7.249s][info][gc] GC(214) Pause Full (Ergonomics) 9M->9M(11M) 13.811ms
[7.263s][info][gc] GC(215) Pause Full (Ergonomics) 9M->9M(10M) 13.676ms
[7.278s][info][gc] GC(216) Pause Full (Ergonomics) 9M->9M(11M) 14.264ms
[7.292s][info][gc] GC(217) Pause Full (Ergonomics) 9M->9M(10M) 14.067ms
[7.306s][info][gc] GC(218) Pause Full (Ergonomics) 9M->9M(11M) 13.656ms
[7.322s][info][gc] GC(219) Pause Full (Allocation Failure) 9M->9M(10M) 16.032ms
[7.338s][info][gc] GC(220) Pause Full (Ergonomics) 9M->9M(11M) 15.454ms
[7.352s][info][gc] GC(221) Pause Full (Ergonomics) 10M->9M(10M) 14.504ms
[7.367s][info][gc] GC(222) Pause Full (Ergonomics) 9M->9M(11M) 13.979ms
[7.380s][info][gc] GC(223) Pause Full (Ergonomics) 9M->9M(10M) 13.734ms
[7.394s][info][gc] GC(224) Pause Full (Ergonomics) 9M->9M(11M) 13.618ms
[7.408s][info][gc] GC(225) Pause Full (Ergonomics) 9M->9M(10M) 13.630ms
[7.424s][info][gc] GC(226) Pause Full (Allocation Failure) 9M->9M(11M) 15.784ms
[7.437s][info][gc] GC(227) Pause Full (Ergonomics) 9M->9M(10M) 13.249ms
[7.451s][info][gc] GC(228) Pause Full (Ergonomics) 9M->9M(11M) 13.355ms
[7.466s][info][gc] GC(229) Pause Full (Ergonomics) 9M->9M(10M) 14.690ms
[7.480s][info][gc] GC(230) Pause Full (Ergonomics) 9M->9M(11M) 14.034ms
[7.494s][info][gc] GC(231) Pause Full (Ergonomics) 9M->9M(10M) 13.665ms
[7.508s][info][gc] GC(232) Pause Full (Ergonomics) 9M->9M(11M) 13.397ms
[7.521s][info][gc] GC(233) Pause Full (Allocation Failure) 9M->9M(10M) 13.716ms
[7.528s][info][gc] GC(234) Pause Full (Ergonomics) 9M->2M(11M) 6.223ms
